Microchip MPLAB XC8 Compiler V2.36

Linker command line:

-W-3 --edf=D:\Softwares\Microchip\xc8\v2.36\pic\dat\en_msgs.txt -cn \
  -h+dist/default/production\Sensor.X.production.sym \
  --cmf=dist/default/production\Sensor.X.production.cmf -z -Q16F18323 \
  -oC:\Users\hariv\AppData\Local\Temp\xcAs8k4.4 --defsym=__MPLAB_BUILD=1 \
  -Mdist/default/production/Sensor.X.production.map \
  --md=C:\Users\hariv\AppData\Local\Temp\xcAs8k4.dat -E1 -ver=XC8 Compiler \
  --acfsm=1493 -ACODE=00h-07FFh -ASTRCODE=00h-07FFh -ASTRING=00h-0FFhx8 \
  -ACONST=00h-0FFhx8 -AENTRY=00h-0FFhx8 -ACOMMON=070h-07Fh \
  -ABANK0=020h-06Fh -ABANK1=0A0h-0EFh -ABANK2=0120h-016Fh \
  -ABIGRAM=02000h-020EFh -ARAM=020h-06Fh,0A0h-0EFh,0120h-016Fh \
  -AABS1=020h-07Fh,0A0h-0EFh,0120h-016Fh -ASFR0=00h-01Fh -ASFR1=080h-09Fh \
  -ASFR2=0100h-011Fh -ASFR3=0180h-01EFh -ASFR4=0200h-026Fh \
  -ASFR5=0280h-02EFh -ASFR6=0300h-036Fh -ASFR7=0380h-03EFh \
  -ASFR8=0400h-046Fh -ASFR9=0480h-04EFh -ASFR10=0500h-056Fh \
  -ASFR11=0580h-05EFh -ASFR12=0600h-066Fh -ASFR13=0680h-06EFh \
  -ASFR14=0700h-076Fh -ASFR15=0780h-07EFh -ASFR16=0800h-086Fh \
  -ASFR17=0880h-08EFh -ASFR18=0900h-096Fh -ASFR19=0980h-09EFh \
  -ASFR20=0A00h-0A6Fh -ASFR21=0A80h-0AEFh -ASFR22=0B00h-0B6Fh \
  -ASFR23=0B80h-0BEFh -ASFR24=0C00h-0C6Fh -ASFR25=0C80h-0CEFh \
  -ASFR26=0D00h-0D6Fh -ASFR27=0D80h-0DEFh -ASFR28=0E00h-0E6Fh \
  -ASFR29=0E80h-0EEFh -ASFR30=0F00h-0F6Fh -ASFR31=0F80h-0FEFh \
  -ACONFIG=08007h-0800Ah -DCONFIG=2 -AIDLOC=08000h-08003h -DIDLOC=2 \
  -AEEDATA=00h-0FFh/0F000h -peeprom_data=EEDATA -DEEDATA=2 -DCODE=2 \
  -DSTRCODE=2 -DSTRING=2 -DCONST=2 -DENTRY=2 \
  -preset_vec=00h,intentry,init,end_init -ppowerup=CODE -pcinit=CODE \
  -pfunctab=ENTRY -k C:\Users\hariv\AppData\Local\Temp\xcAs8k4.o \
  dist/default/production\Sensor.X.production.o 

Object code version is 3.11

Machine type is 16F18323



                Name                               Link     Load   Length Selector   Space Scale
C:\Users\hariv\AppData\Local\Temp\xcAs8k4.o
                end_init                              1        1        1        0       0
                reset_vec                             0        0        1        0       0
                config                             8007     8007        4        0       4
                idloc                              8000     8000        4        0       5
dist/default/production\Sensor.X.production.o
                cinit                               7FB      7FB        5      FF6       0
                config                             8007     8007        4        0       4
                idloc                              8000     8000        4        0       5
                text9                               729      729       18      E52       0
                text8                               7BF      7BF       3C      F7E       0
                text7                               78A      78A       35      F14       0
                text6                               707      707        9      E0E       0
                text5                               710      710        9      E20       0
                text4                               741      741       1E      E82       0
                text3                               6FF      6FF        8      DFE       0
                text2                               6FB      6FB        4      DF6       0
                text1                               719      719       10      E32       0
                maintext                            75F      75F       2B      EBE       0
                cstackBANK0                          20       20        6       20       1
                cstackCOMMON                         70       70        E       70       1
                bssBANK0                             26       26        2       20       1
                nvBANK0                              28       28        1       20       1

TOTAL           Name                               Link     Load   Length     Space
        CLASS   CODE           
                end_init                              1        1        1         0
                cinit                               7FB      7FB        5         0
                reset_vec                             0        0        1         0
                text9                               729      729       18         0
                text8                               7BF      7BF       3C         0
                text7                               78A      78A       35         0
                text6                               707      707        9         0
                text5                               710      710        9         0
                text4                               741      741       1E         0
                text3                               6FF      6FF        8         0
                text2                               6FB      6FB        4         0
                text1                               719      719       10         0
                maintext                            75F      75F       2B         0

        CLASS   STRCODE        

        CLASS   STRING         

        CLASS   CONST          

        CLASS   ENTRY          

        CLASS   COMMON         
                cstackCOMMON                         70       70        E         1

        CLASS   BANK0          
                cstackBANK0                          20       20        6         1
                bssBANK0                             26       26        2         1
                nvBANK0                              28       28        1         1

        CLASS   BANK1          

        CLASS   BANK2          

        CLASS   BIGRAM         

        CLASS   RAM            

        CLASS   ABS1           
                abs_s1                               7E       7E        2         1

        CLASS   SFR0           

        CLASS   SFR1           

        CLASS   SFR2           

        CLASS   SFR3           

        CLASS   SFR4           

        CLASS   SFR5           

        CLASS   SFR6           

        CLASS   SFR7           

        CLASS   SFR8           

        CLASS   SFR9           

        CLASS   SFR10          

        CLASS   SFR11          

        CLASS   SFR12          

        CLASS   SFR13          

        CLASS   SFR14          

        CLASS   SFR15          

        CLASS   SFR16          

        CLASS   SFR17          

        CLASS   SFR18          

        CLASS   SFR19          

        CLASS   SFR20          

        CLASS   SFR21          

        CLASS   SFR22          

        CLASS   SFR23          

        CLASS   SFR24          

        CLASS   SFR25          

        CLASS   SFR26          

        CLASS   SFR27          

        CLASS   SFR28          

        CLASS   SFR29          

        CLASS   SFR30          

        CLASS   SFR31          

        CLASS   CONFIG         
                config                             8007     8007        4         4

        CLASS   IDLOC          
                idloc                              8000     8000        4         5

        CLASS   EEDATA         

        CLASS   BANK31         

        CLASS   BANK30         

        CLASS   BANK29         

        CLASS   BANK28         

        CLASS   BANK27         

        CLASS   BANK26         

        CLASS   BANK25         

        CLASS   BANK24         

        CLASS   BANK23         

        CLASS   BANK22         

        CLASS   BANK21         

        CLASS   BANK20         

        CLASS   BANK19         

        CLASS   BANK18         

        CLASS   BANK17         

        CLASS   BANK16         

        CLASS   BANK15         

        CLASS   BANK14         

        CLASS   BANK13         

        CLASS   BANK12         

        CLASS   BANK11         

        CLASS   BANK10         

        CLASS   BANK9          

        CLASS   BANK8          

        CLASS   BANK7          

        CLASS   BANK6          

        CLASS   BANK5          

        CLASS   BANK4          

        CLASS   BANK3          

        CLASS   HEAP           

        CLASS   STACK          



SEGMENTS        Name                           Load    Length   Top    Selector   Space  Class     Delta

                reset_vec                      000000  000002  000002         0       0  CODE        2
                cstackBANK0                    000020  000009  000029        20       1  BANK0       1
                cstackCOMMON                   000070  00000E  00007E        70       1  COMMON      1
                text2                          0006FB  000004  0006FF       DF6       0  CODE        2
                text3                          0006FF  000008  000707       DFE       0  CODE        2
                text6                          000707  000009  000710       E0E       0  CODE        2
                text5                          000710  000009  000719       E20       0  CODE        2
                text1                          000719  000010  000729       E32       0  CODE        2
                text9                          000729  000018  000741       E52       0  CODE        2
                text4                          000741  00001E  00075F       E82       0  CODE        2
                maintext                       00075F  00002B  00078A       EBE       0  CODE        2
                text7                          00078A  000035  0007BF       F14       0  CODE        2
                text8                          0007BF  00003C  0007FB       F7E       0  CODE        2
                cinit                          0007FB  000005  000800       FF6       0  CODE        2


UNUSED ADDRESS RANGES

        Name                Unused          Largest block    Delta
        BANK0            00029-0006F              47           1
        BANK1            000A0-000EF              50           1
        BANK2            00120-0016F              50           1
        BIGRAM           02000-020EF              F0           1
        CODE             00002-006FA             6F9           2
        CONST            00002-006FA             100           2
        EEDATA           0F000-0F0FF             100           2
        ENTRY            00002-006FA             100           2
        RAM              00029-0006F              47           1
                         000A0-000EF              50
                         00120-0016F              50
        SFR0             00000-0001F              20           1
        SFR1             00080-0009F              20           1
        SFR10            00500-0056F              70           1
        SFR11            00580-005EF              70           1
        SFR12            00600-0066F              70           1
        SFR13            00680-006EF              70           1
        SFR14            00700-0076F              70           1
        SFR15            00780-007EF              70           1
        SFR16            00800-0086F              70           1
        SFR17            00880-008EF              70           1
        SFR18            00900-0096F              70           1
        SFR19            00980-009EF              70           1
        SFR2             00100-0011F              20           1
        SFR20            00A00-00A6F              70           1
        SFR21            00A80-00AEF              70           1
        SFR22            00B00-00B6F              70           1
        SFR23            00B80-00BEF              70           1
        SFR24            00C00-00C6F              70           1
        SFR25            00C80-00CEF              70           1
        SFR26            00D00-00D6F              70           1
        SFR27            00D80-00DEF              70           1
        SFR28            00E00-00E6F              70           1
        SFR29            00E80-00EEF              70           1
        SFR3             00180-001EF              70           1
        SFR30            00F00-00F6F              70           1
        SFR31            00F80-00FEF              70           1
        SFR4             00200-0026F              70           1
        SFR5             00280-002EF              70           1
        SFR6             00300-0036F              70           1
        SFR7             00380-003EF              70           1
        SFR8             00400-0046F              70           1
        SFR9             00480-004EF              70           1
        STRCODE          00002-006FA             6F9           2
        STRING           00002-006FA             100           2

                                  Symbol Table

?_ADC_GetConversion             cstackCOMMON 00070
?___lwdiv                       cstackCOMMON 00074
ADC_GetConversion@channel       cstackCOMMON 00073
Configure_Device_Id@C1          cstackBANK0  00020
Configure_Device_Id@C2          cstackBANK0  00022
_ADACT                          (abs)        0009F
_ADCON0                         (abs)        0009D
_ADCON0bits                     (abs)        0009D
_ADCON1                         (abs)        0009E
_ADC_GetConversion              text9        00729
_ADC_Initialize                 text6        00707
_ADRESH                         (abs)        0009C
_ADRESL                         (abs)        0009B
_ANSELA                         (abs)        0018C
_ANSELC                         (abs)        0018E
_Configure_Device_Id            text7        0078A
_INLVLA                         (abs)        0038C
_INLVLC                         (abs)        0038E
_LATA                           (abs)        0010C
_LATC                           (abs)        0010E
_LATCbits                       (abs)        0010E
_ODCONA                         (abs)        0028C
_ODCONC                         (abs)        0028E
_OSCCON1                        (abs)        00919
_OSCCON3                        (abs)        0091B
_OSCEN                          (abs)        0091D
_OSCFRQ                         (abs)        0091F
_OSCILLATOR_Initialize          text5        00710
_OSCTUNE                        (abs)        0091E
_PIN_MANAGER_Initialize         text4        00741
_PMD0                           (abs)        00911
_PMD1                           (abs)        00912
_PMD2                           (abs)        00913
_PMD3                           (abs)        00914
_PMD4                           (abs)        00915
_PMD5                           (abs)        00916
_PMD_Initialize                 text3        006FF
_SLRCONA                        (abs)        0030C
_SLRCONC                        (abs)        0030E
_SYSTEM_Initialize              text1        00719
_TRISA                          (abs)        0008C
_TRISC                          (abs)        0008E
_WDTCON                         (abs)        00097
_WDT_Initialize                 text2        006FB
_WPUA                           (abs)        0020C
_WPUC                           (abs)        0020E
__Habs1                         abs1         00000
__Hbank0                        bank0        00000
__Hbank1                        bank1        00000
__Hbank10                       bank10       00000
__Hbank11                       bank11       00000
__Hbank12                       bank12       00000
__Hbank13                       bank13       00000
__Hbank14                       bank14       00000
__Hbank15                       bank15       00000
__Hbank16                       bank16       00000
__Hbank17                       bank17       00000
__Hbank18                       bank18       00000
__Hbank19                       bank19       00000
__Hbank2                        bank2        00000
__Hbank20                       bank20       00000
__Hbank21                       bank21       00000
__Hbank22                       bank22       00000
__Hbank23                       bank23       00000
__Hbank24                       bank24       00000
__Hbank25                       bank25       00000
__Hbank26                       bank26       00000
__Hbank27                       bank27       00000
__Hbank28                       bank28       00000
__Hbank29                       bank29       00000
__Hbank3                        bank3        00000
__Hbank30                       bank30       00000
__Hbank31                       bank31       00000
__Hbank4                        bank4        00000
__Hbank5                        bank5        00000
__Hbank6                        bank6        00000
__Hbank7                        bank7        00000
__Hbank8                        bank8        00000
__Hbank9                        bank9        00000
__Hbigram                       bigram       00000
__HbssBANK0                     bssBANK0     00000
__Hcinit                        cinit        00800
__Hclrtext                      clrtext      00000
__Hcode                         code         00000
__Hcommon                       common       00000
__Hconfig                       config       0800B
__HcstackBANK0                  cstackBANK0  00000
__HcstackCOMMON                 cstackCOMMON 00000
__Heeprom_data                  eeprom_data  00000
__Hend_init                     end_init     00002
__Hfunctab                      functab      00000
__Hheap                         heap         00000
__Hidloc                        idloc        08004
__Hinit                         init         00001
__Hintentry                     intentry     00001
__Hmaintext                     maintext     00000
__HnvBANK0                      nvBANK0      00000
__Hpowerup                      powerup      00000
__Hram                          ram          00000
__Hreset_vec                    reset_vec    00001
__Hsfr0                         sfr0         00000
__Hsfr1                         sfr1         00000
__Hsfr10                        sfr10        00000
__Hsfr11                        sfr11        00000
__Hsfr12                        sfr12        00000
__Hsfr13                        sfr13        00000
__Hsfr14                        sfr14        00000
__Hsfr15                        sfr15        00000
__Hsfr16                        sfr16        00000
__Hsfr17                        sfr17        00000
__Hsfr18                        sfr18        00000
__Hsfr19                        sfr19        00000
__Hsfr2                         sfr2         00000
__Hsfr20                        sfr20        00000
__Hsfr21                        sfr21        00000
__Hsfr22                        sfr22        00000
__Hsfr23                        sfr23        00000
__Hsfr24                        sfr24        00000
__Hsfr25                        sfr25        00000
__Hsfr26                        sfr26        00000
__Hsfr27                        sfr27        00000
__Hsfr28                        sfr28        00000
__Hsfr29                        sfr29        00000
__Hsfr3                         sfr3         00000
__Hsfr30                        sfr30        00000
__Hsfr31                        sfr31        00000
__Hsfr4                         sfr4         00000
__Hsfr5                         sfr5         00000
__Hsfr6                         sfr6         00000
__Hsfr7                         sfr7         00000
__Hsfr8                         sfr8         00000
__Hsfr9                         sfr9         00000
__Hspace_0                      (abs)        00800
__Hspace_1                      (abs)        0007E
__Hspace_2                      (abs)        00000
__Hspace_3                      (abs)        00000
__Hspace_4                      (abs)        10012
__Hstack                        stack        00000
__Hstrings                      strings      00000
__Htext                         text         00000
__Labs1                         abs1         00000
__Lbank0                        bank0        00000
__Lbank1                        bank1        00000
__Lbank10                       bank10       00000
__Lbank11                       bank11       00000
__Lbank12                       bank12       00000
__Lbank13                       bank13       00000
__Lbank14                       bank14       00000
__Lbank15                       bank15       00000
__Lbank16                       bank16       00000
__Lbank17                       bank17       00000
__Lbank18                       bank18       00000
__Lbank19                       bank19       00000
__Lbank2                        bank2        00000
__Lbank20                       bank20       00000
__Lbank21                       bank21       00000
__Lbank22                       bank22       00000
__Lbank23                       bank23       00000
__Lbank24                       bank24       00000
__Lbank25                       bank25       00000
__Lbank26                       bank26       00000
__Lbank27                       bank27       00000
__Lbank28                       bank28       00000
__Lbank29                       bank29       00000
__Lbank3                        bank3        00000
__Lbank30                       bank30       00000
__Lbank31                       bank31       00000
__Lbank4                        bank4        00000
__Lbank5                        bank5        00000
__Lbank6                        bank6        00000
__Lbank7                        bank7        00000
__Lbank8                        bank8        00000
__Lbank9                        bank9        00000
__Lbigram                       bigram       00000
__LbssBANK0                     bssBANK0     00000
__Lcinit                        cinit        007FB
__Lclrtext                      clrtext      00000
__Lcode                         code         00000
__Lcommon                       common       00000
__Lconfig                       config       00000
__LcstackBANK0                  cstackBANK0  00000
__LcstackCOMMON                 cstackCOMMON 00000
__Leeprom_data                  eeprom_data  00000
__Lend_init                     end_init     00001
__Lfunctab                      functab      00000
__Lheap                         heap         00000
__Lidloc                        idloc        00000
__Linit                         init         00001
__Lintentry                     intentry     00001
__Lmaintext                     maintext     00000
__LnvBANK0                      nvBANK0      00000
__Lpowerup                      powerup      00000
__Lram                          ram          00000
__Lreset_vec                    reset_vec    00000
__Lsfr0                         sfr0         00000
__Lsfr1                         sfr1         00000
__Lsfr10                        sfr10        00000
__Lsfr11                        sfr11        00000
__Lsfr12                        sfr12        00000
__Lsfr13                        sfr13        00000
__Lsfr14                        sfr14        00000
__Lsfr15                        sfr15        00000
__Lsfr16                        sfr16        00000
__Lsfr17                        sfr17        00000
__Lsfr18                        sfr18        00000
__Lsfr19                        sfr19        00000
__Lsfr2                         sfr2         00000
__Lsfr20                        sfr20        00000
__Lsfr21                        sfr21        00000
__Lsfr22                        sfr22        00000
__Lsfr23                        sfr23        00000
__Lsfr24                        sfr24        00000
__Lsfr25                        sfr25        00000
__Lsfr26                        sfr26        00000
__Lsfr27                        sfr27        00000
__Lsfr28                        sfr28        00000
__Lsfr29                        sfr29        00000
__Lsfr3                         sfr3         00000
__Lsfr30                        sfr30        00000
__Lsfr31                        sfr31        00000
__Lsfr4                         sfr4         00000
__Lsfr5                         sfr5         00000
__Lsfr6                         sfr6         00000
__Lsfr7                         sfr7         00000
__Lsfr8                         sfr8         00000
__Lsfr9                         sfr9         00000
__Lspace_0                      (abs)        00000
__Lspace_1                      (abs)        00000
__Lspace_2                      (abs)        00000
__Lspace_3                      (abs)        00000
__Lspace_4                      (abs)        00000
__Lstack                        stack        00000
__Lstrings                      strings      00000
__Ltext                         text         00000
__S0                            (abs)        00800
__S1                            (abs)        0007E
__S3                            (abs)        00000
___heap_hi                      (abs)        00000
___heap_lo                      (abs)        00000
___int_sp                       stack        00000
___latbits                      (abs)        00000
___lwdiv                        text8        007BF
___lwdiv@counter                cstackCOMMON 0007B
___lwdiv@dividend               cstackCOMMON 00076
___lwdiv@divisor                cstackCOMMON 00074
___lwdiv@quotient               cstackCOMMON 00079
___sp                           stack        00000
___stackhi                      (abs)        00000
___stacklo                      (abs)        00000
__end_of_ADC_GetConversion      text9        00741
__end_of_ADC_Initialize         text6        00710
__end_of_Configure_Device_Id    text7        007BF
__end_of_OSCILLATOR_Initialize  text5        00719
__end_of_PIN_MANAGER_Initialize text4        0075F
__end_of_PMD_Initialize         text3        00707
__end_of_SYSTEM_Initialize      text1        00729
__end_of_WDT_Initialize         text2        006FF
__end_of___lwdiv                text8        007FB
__end_of__initialization        cinit        007FE
__end_of_main                   maintext     0078A
__initialization                cinit        007FB
__pbssBANK0                     bssBANK0     00026
__pcstackBANK0                  cstackBANK0  00020
__pcstackCOMMON                 cstackCOMMON 00070
__pmaintext                     maintext     0075F
__pnvBANK0                      nvBANK0      00028
__ptext1                        text1        00719
__ptext2                        text2        006FB
__ptext3                        text3        006FF
__ptext4                        text4        00741
__ptext5                        text5        00710
__ptext6                        text6        00707
__ptext7                        text7        0078A
__ptext8                        text8        007BF
__ptext9                        text9        00729
_device_ID                      nvBANK0      00028
_main                           maintext     0075F
btemp                           (abs)        0007E
end_of_initialization           cinit        007FE
intlevel0                       functab      00000
intlevel1                       functab      00000
intlevel2                       functab      00000
intlevel3                       functab      00000
intlevel4                       functab      00000
intlevel5                       functab      00000
reset_vec                       reset_vec    00000
start                           init         00001
start_initialization            cinit        007FB
wtemp0                          (abs)        0007E


MODULE INFORMATION

Module		Function		Class		Link	Load	Size
mcc_generated_files/pin_manager.c
		_PIN_MANAGER_Initialize		CODE           	0741	0000	30

mcc_generated_files/pin_manager.c estimated size: 30

D:\Softwares\Microchip\xc8\v2.36\pic\sources\c99\common\lwdiv.c
		___lwdiv       		CODE           	07BF	0000	60

D:\Softwares\Microchip\xc8\v2.36\pic\sources\c99\common\lwdiv.c estimated size: 60

mcc_generated_files/adc.c
		_ADC_Initialize		CODE           	0707	0000	9
		_ADC_GetConversion		CODE           	0729	0000	24

mcc_generated_files/adc.c estimated size: 33

shared
		__initialization		CODE           	07FB	0000	3

shared estimated size: 3

mcc_generated_files/mcc.c
		_WDT_Initialize		CODE           	06FB	0000	4
		_PMD_Initialize		CODE           	06FF	0000	8
		_OSCILLATOR_Initialize		CODE           	0710	0000	9
		_SYSTEM_Initialize		CODE           	0719	0000	16

mcc_generated_files/mcc.c estimated size: 37

main.c
		_main          		CODE           	075F	0000	43
		_Configure_Device_Id		CODE           	078A	0000	53

main.c estimated size: 96

