Microchip MPLAB XC8 Compiler V2.36

Linker command line:

-W-3 --edf=D:\Softwares\Microchip\xc8\v2.36\pic\dat\en_msgs.txt -cn \
  -h+dist/default/production\Sensor.X.production.sym \
  --cmf=dist/default/production\Sensor.X.production.cmf -z -Q16F18323 \
  -oC:\Users\hariv\AppData\Local\Temp\xcAsbi0.4 --defsym=__MPLAB_BUILD=1 \
  -Mdist/default/production/Sensor.X.production.map \
  --md=C:\Users\hariv\AppData\Local\Temp\xcAsbi0.dat -E1 -ver=XC8 Compiler \
  --acfsm=1493 -ACODE=00h-07FFh -ASTRCODE=00h-07FFh -ASTRING=00h-0FFhx8 \
  -ACONST=00h-0FFhx8 -AENTRY=00h-0FFhx8 -ACOMMON=070h-07Fh \
  -ABANK0=020h-06Fh -ABANK1=0A0h-0EFh -ABANK2=0120h-016Fh \
  -ABIGRAM=02000h-020EFh -ARAM=020h-06Fh,0A0h-0EFh,0120h-016Fh \
  -AABS1=020h-07Fh,0A0h-0EFh,0120h-016Fh -ASFR0=00h-01Fh -ASFR1=080h-09Fh \
  -ASFR2=0100h-011Fh -ASFR3=0180h-01EFh -ASFR4=0200h-026Fh \
  -ASFR5=0280h-02EFh -ASFR6=0300h-036Fh -ASFR7=0380h-03EFh \
  -ASFR8=0400h-046Fh -ASFR9=0480h-04EFh -ASFR10=0500h-056Fh \
  -ASFR11=0580h-05EFh -ASFR12=0600h-066Fh -ASFR13=0680h-06EFh \
  -ASFR14=0700h-076Fh -ASFR15=0780h-07EFh -ASFR16=0800h-086Fh \
  -ASFR17=0880h-08EFh -ASFR18=0900h-096Fh -ASFR19=0980h-09EFh \
  -ASFR20=0A00h-0A6Fh -ASFR21=0A80h-0AEFh -ASFR22=0B00h-0B6Fh \
  -ASFR23=0B80h-0BEFh -ASFR24=0C00h-0C6Fh -ASFR25=0C80h-0CEFh \
  -ASFR26=0D00h-0D6Fh -ASFR27=0D80h-0DEFh -ASFR28=0E00h-0E6Fh \
  -ASFR29=0E80h-0EEFh -ASFR30=0F00h-0F6Fh -ASFR31=0F80h-0FEFh \
  -ACONFIG=08007h-0800Ah -DCONFIG=2 -AIDLOC=08000h-08003h -DIDLOC=2 \
  -AEEDATA=00h-0FFh/0F000h -peeprom_data=EEDATA -DEEDATA=2 -DCODE=2 \
  -DSTRCODE=2 -DSTRING=2 -DCONST=2 -DENTRY=2 \
  -preset_vec=00h,intentry,init,end_init -ppowerup=CODE -pcinit=CODE \
  -pfunctab=ENTRY -k C:\Users\hariv\AppData\Local\Temp\xcAsbi0.o \
  dist/default/production\Sensor.X.production.o 

Object code version is 3.11

Machine type is 16F18323



                Name                               Link     Load   Length Selector   Space Scale
C:\Users\hariv\AppData\Local\Temp\xcAsbi0.o
                end_init                              1        1        1        0       0
                reset_vec                             0        0        1        0       0
                config                             8007     8007        4        0       4
                idloc                              8000     8000        4        0       5
dist/default/production\Sensor.X.production.o
                cinit                               7FB      7FB        5      FF6       0
                config                             8007     8007        4        0       4
                idloc                              8000     8000        4        0       5
                text16                              109      109       18      212       0
                text15                              17D      17D       3C      2FA       0
                text14                              1FB      1FB       50      3F6       0
                text13                               D6       D6        9      1AC       0
                text12                               DF       DF        9      1BE       0
                text11                              13C      13C       1E      278       0
                text10                               CE       CE        8      19C       0
                text9                                CA       CA        4      194       0
                text8                                E8       E8       10      1D0       0
                text7                               36C      36C      238      6D8       0
                text6                               15A      15A       23      2B4       0
                text5                               5A4      5A4      257      B48       0
                text4                               24B      24B       75      496       0
                text3                               2C0      2C0       AC      580       0
                text2                               1B9      1B9       42      372       0
                text1                                F8       F8       11      1F0       0
                maintext                            121      121       1B      242       0
                cstackBANK0                          20       20       3F       20       1
                cstackCOMMON                         70       70        E       70       1
                bssBANK0                             5F       5F        2       20       1
                nvBANK0                              61       61        1       20       1

TOTAL           Name                               Link     Load   Length     Space
        CLASS   CODE           
                end_init                              1        1        1         0
                cinit                               7FB      7FB        5         0
                reset_vec                             0        0        1         0
                text16                              109      109       18         0
                text15                              17D      17D       3C         0
                text14                              1FB      1FB       50         0
                text13                               D6       D6        9         0
                text12                               DF       DF        9         0
                text11                              13C      13C       1E         0
                text10                               CE       CE        8         0
                text9                                CA       CA        4         0
                text8                                E8       E8       10         0
                text7                               36C      36C      238         0
                text6                               15A      15A       23         0
                text5                               5A4      5A4      257         0
                text4                               24B      24B       75         0
                text3                               2C0      2C0       AC         0
                text2                               1B9      1B9       42         0
                text1                                F8       F8       11         0
                maintext                            121      121       1B         0

        CLASS   STRCODE        

        CLASS   STRING         

        CLASS   CONST          

        CLASS   ENTRY          

        CLASS   COMMON         
                cstackCOMMON                         70       70        E         1

        CLASS   BANK0          
                cstackBANK0                          20       20       3F         1
                bssBANK0                             5F       5F        2         1
                nvBANK0                              61       61        1         1

        CLASS   BANK1          

        CLASS   BANK2          

        CLASS   BIGRAM         

        CLASS   RAM            

        CLASS   ABS1           
                abs_s1                               7E       7E        2         1

        CLASS   SFR0           

        CLASS   SFR1           

        CLASS   SFR2           

        CLASS   SFR3           

        CLASS   SFR4           

        CLASS   SFR5           

        CLASS   SFR6           

        CLASS   SFR7           

        CLASS   SFR8           

        CLASS   SFR9           

        CLASS   SFR10          

        CLASS   SFR11          

        CLASS   SFR12          

        CLASS   SFR13          

        CLASS   SFR14          

        CLASS   SFR15          

        CLASS   SFR16          

        CLASS   SFR17          

        CLASS   SFR18          

        CLASS   SFR19          

        CLASS   SFR20          

        CLASS   SFR21          

        CLASS   SFR22          

        CLASS   SFR23          

        CLASS   SFR24          

        CLASS   SFR25          

        CLASS   SFR26          

        CLASS   SFR27          

        CLASS   SFR28          

        CLASS   SFR29          

        CLASS   SFR30          

        CLASS   SFR31          

        CLASS   CONFIG         
                config                             8007     8007        4         4

        CLASS   IDLOC          
                idloc                              8000     8000        4         5

        CLASS   EEDATA         

        CLASS   BANK31         

        CLASS   BANK30         

        CLASS   BANK29         

        CLASS   BANK28         

        CLASS   BANK27         

        CLASS   BANK26         

        CLASS   BANK25         

        CLASS   BANK24         

        CLASS   BANK23         

        CLASS   BANK22         

        CLASS   BANK21         

        CLASS   BANK20         

        CLASS   BANK19         

        CLASS   BANK18         

        CLASS   BANK17         

        CLASS   BANK16         

        CLASS   BANK15         

        CLASS   BANK14         

        CLASS   BANK13         

        CLASS   BANK12         

        CLASS   BANK11         

        CLASS   BANK10         

        CLASS   BANK9          

        CLASS   BANK8          

        CLASS   BANK7          

        CLASS   BANK6          

        CLASS   BANK5          

        CLASS   BANK4          

        CLASS   BANK3          

        CLASS   HEAP           

        CLASS   STACK          



SEGMENTS        Name                           Load    Length   Top    Selector   Space  Class     Delta

                reset_vec                      000000  000002  000002         0       0  CODE        2
                cstackBANK0                    000020  000042  000062        20       1  BANK0       1
                cstackCOMMON                   000070  00000E  00007E        70       1  COMMON      1
                text9                          0000CA  000004  0000CE       194       0  CODE        2
                text10                         0000CE  000008  0000D6       19C       0  CODE        2
                text13                         0000D6  000009  0000DF       1AC       0  CODE        2
                text12                         0000DF  000009  0000E8       1BE       0  CODE        2
                text8                          0000E8  000010  0000F8       1D0       0  CODE        2
                text1                          0000F8  000011  000109       1F0       0  CODE        2
                text16                         000109  000018  000121       212       0  CODE        2
                maintext                       000121  00001B  00013C       242       0  CODE        2
                text11                         00013C  00001E  00015A       278       0  CODE        2
                text6                          00015A  000023  00017D       2B4       0  CODE        2
                text15                         00017D  00003C  0001B9       2FA       0  CODE        2
                text2                          0001B9  000042  0001FB       372       0  CODE        2
                text14                         0001FB  000050  00024B       3F6       0  CODE        2
                text4                          00024B  000075  0002C0       496       0  CODE        2
                text3                          0002C0  0000AC  00036C       580       0  CODE        2
                text7                          00036C  000238  0005A4       6D8       0  CODE        2
                text5                          0005A4  000257  0007FB       B48       0  CODE        2
                cinit                          0007FB  000005  000800       FF6       0  CODE        2


UNUSED ADDRESS RANGES

        Name                Unused          Largest block    Delta
        BANK0            00062-0006F               E           1
        BANK1            000A0-000EF              50           1
        BANK2            00120-0016F              50           1
        BIGRAM           02000-020EF              F0           1
        CODE             00002-000C9              C8           2
        CONST            00002-000C9              C8           2
        EEDATA           0F000-0F0FF             100           2
        ENTRY            00002-000C9              C8           2
        RAM              00062-0006F               E           1
                         000A0-000EF              50
                         00120-0016F              50
        SFR0             00000-0001F              20           1
        SFR1             00080-0009F              20           1
        SFR10            00500-0056F              70           1
        SFR11            00580-005EF              70           1
        SFR12            00600-0066F              70           1
        SFR13            00680-006EF              70           1
        SFR14            00700-0076F              70           1
        SFR15            00780-007EF              70           1
        SFR16            00800-0086F              70           1
        SFR17            00880-008EF              70           1
        SFR18            00900-0096F              70           1
        SFR19            00980-009EF              70           1
        SFR2             00100-0011F              20           1
        SFR20            00A00-00A6F              70           1
        SFR21            00A80-00AEF              70           1
        SFR22            00B00-00B6F              70           1
        SFR23            00B80-00BEF              70           1
        SFR24            00C00-00C6F              70           1
        SFR25            00C80-00CEF              70           1
        SFR26            00D00-00D6F              70           1
        SFR27            00D80-00DEF              70           1
        SFR28            00E00-00E6F              70           1
        SFR29            00E80-00EEF              70           1
        SFR3             00180-001EF              70           1
        SFR30            00F00-00F6F              70           1
        SFR31            00F80-00FEF              70           1
        SFR4             00200-0026F              70           1
        SFR5             00280-002EF              70           1
        SFR6             00300-0036F              70           1
        SFR7             00380-003EF              70           1
        SFR8             00400-0046F              70           1
        SFR9             00480-004EF              70           1
        STRCODE          00002-000C9              C8           2
        STRING           00002-000C9              C8           2

                                  Symbol Table

?_ADC_GetConversion                       cstackCOMMON 00070
?__Umul8_16                               cstackCOMMON 00070
?___fladd                                 cstackBANK0  0003A
?___flmul                                 cstackBANK0  00020
?___fltol                                 cstackBANK0  0004E
?___lwdiv                                 cstackCOMMON 00074
?___xxtofl                                cstackCOMMON 00070
ADC_GetConversion@channel                 cstackCOMMON 00073
Configure_Device_Id@C0                    cstackBANK0  00023
Configure_Device_Id@C1                    cstackBANK0  00024
Configure_Device_Id@C2                    cstackBANK0  00025
_ADACT                                    (abs)        0009F
_ADCON0                                   (abs)        0009D
_ADCON0bits                               (abs)        0009D
_ADCON1                                   (abs)        0009E
_ADC_GetConversion                        text16       00109
_ADC_Initialize                           text13       000D6
_ADRESH                                   (abs)        0009C
_ADRESL                                   (abs)        0009B
_ANSELA                                   (abs)        0018C
_ANSELC                                   (abs)        0018E
_Configure_Device_Id                      text14       001FB
_INLVLA                                   (abs)        0038C
_INLVLC                                   (abs)        0038E
_LATA                                     (abs)        0010C
_LATC                                     (abs)        0010E
_ODCONA                                   (abs)        0028C
_ODCONC                                   (abs)        0028E
_OSCCON1                                  (abs)        00919
_OSCCON3                                  (abs)        0091B
_OSCEN                                    (abs)        0091D
_OSCFRQ                                   (abs)        0091F
_OSCILLATOR_Initialize                    text12       000DF
_OSCTUNE                                  (abs)        0091E
_PIN_MANAGER_Initialize                   text11       0013C
_PMD0                                     (abs)        00911
_PMD1                                     (abs)        00912
_PMD2                                     (abs)        00913
_PMD3                                     (abs)        00914
_PMD4                                     (abs)        00915
_PMD5                                     (abs)        00916
_PMD_Initialize                           text10       000CE
_SLRCONA                                  (abs)        0030C
_SLRCONC                                  (abs)        0030E
_SYSTEM_Initialize                        text8        000E8
_TRISA                                    (abs)        0008C
_TRISC                                    (abs)        0008E
_WDTCON                                   (abs)        00097
_WDT_Initialize                           text9        000CA
_WPUA                                     (abs)        0020C
_WPUC                                     (abs)        0020E
__Habs1                                   abs1         00000
__Hbank0                                  bank0        00000
__Hbank1                                  bank1        00000
__Hbank10                                 bank10       00000
__Hbank11                                 bank11       00000
__Hbank12                                 bank12       00000
__Hbank13                                 bank13       00000
__Hbank14                                 bank14       00000
__Hbank15                                 bank15       00000
__Hbank16                                 bank16       00000
__Hbank17                                 bank17       00000
__Hbank18                                 bank18       00000
__Hbank19                                 bank19       00000
__Hbank2                                  bank2        00000
__Hbank20                                 bank20       00000
__Hbank21                                 bank21       00000
__Hbank22                                 bank22       00000
__Hbank23                                 bank23       00000
__Hbank24                                 bank24       00000
__Hbank25                                 bank25       00000
__Hbank26                                 bank26       00000
__Hbank27                                 bank27       00000
__Hbank28                                 bank28       00000
__Hbank29                                 bank29       00000
__Hbank3                                  bank3        00000
__Hbank30                                 bank30       00000
__Hbank31                                 bank31       00000
__Hbank4                                  bank4        00000
__Hbank5                                  bank5        00000
__Hbank6                                  bank6        00000
__Hbank7                                  bank7        00000
__Hbank8                                  bank8        00000
__Hbank9                                  bank9        00000
__Hbigram                                 bigram       00000
__HbssBANK0                               bssBANK0     00000
__Hcinit                                  cinit        00800
__Hclrtext                                clrtext      00000
__Hcode                                   code         00000
__Hcommon                                 common       00000
__Hconfig                                 config       0800B
__HcstackBANK0                            cstackBANK0  00000
__HcstackCOMMON                           cstackCOMMON 00000
__Heeprom_data                            eeprom_data  00000
__Hend_init                               end_init     00002
__Hfunctab                                functab      00000
__Hheap                                   heap         00000
__Hidloc                                  idloc        08004
__Hinit                                   init         00001
__Hintentry                               intentry     00001
__Hmaintext                               maintext     00000
__HnvBANK0                                nvBANK0      00000
__Hpowerup                                powerup      00000
__Hram                                    ram          00000
__Hreset_vec                              reset_vec    00001
__Hsfr0                                   sfr0         00000
__Hsfr1                                   sfr1         00000
__Hsfr10                                  sfr10        00000
__Hsfr11                                  sfr11        00000
__Hsfr12                                  sfr12        00000
__Hsfr13                                  sfr13        00000
__Hsfr14                                  sfr14        00000
__Hsfr15                                  sfr15        00000
__Hsfr16                                  sfr16        00000
__Hsfr17                                  sfr17        00000
__Hsfr18                                  sfr18        00000
__Hsfr19                                  sfr19        00000
__Hsfr2                                   sfr2         00000
__Hsfr20                                  sfr20        00000
__Hsfr21                                  sfr21        00000
__Hsfr22                                  sfr22        00000
__Hsfr23                                  sfr23        00000
__Hsfr24                                  sfr24        00000
__Hsfr25                                  sfr25        00000
__Hsfr26                                  sfr26        00000
__Hsfr27                                  sfr27        00000
__Hsfr28                                  sfr28        00000
__Hsfr29                                  sfr29        00000
__Hsfr3                                   sfr3         00000
__Hsfr30                                  sfr30        00000
__Hsfr31                                  sfr31        00000
__Hsfr4                                   sfr4         00000
__Hsfr5                                   sfr5         00000
__Hsfr6                                   sfr6         00000
__Hsfr7                                   sfr7         00000
__Hsfr8                                   sfr8         00000
__Hsfr9                                   sfr9         00000
__Hspace_0                                (abs)        00800
__Hspace_1                                (abs)        0007E
__Hspace_2                                (abs)        00000
__Hspace_3                                (abs)        00000
__Hspace_4                                (abs)        10012
__Hstack                                  stack        00000
__Hstrings                                strings      00000
__Htext                                   text         00000
__Labs1                                   abs1         00000
__Lbank0                                  bank0        00000
__Lbank1                                  bank1        00000
__Lbank10                                 bank10       00000
__Lbank11                                 bank11       00000
__Lbank12                                 bank12       00000
__Lbank13                                 bank13       00000
__Lbank14                                 bank14       00000
__Lbank15                                 bank15       00000
__Lbank16                                 bank16       00000
__Lbank17                                 bank17       00000
__Lbank18                                 bank18       00000
__Lbank19                                 bank19       00000
__Lbank2                                  bank2        00000
__Lbank20                                 bank20       00000
__Lbank21                                 bank21       00000
__Lbank22                                 bank22       00000
__Lbank23                                 bank23       00000
__Lbank24                                 bank24       00000
__Lbank25                                 bank25       00000
__Lbank26                                 bank26       00000
__Lbank27                                 bank27       00000
__Lbank28                                 bank28       00000
__Lbank29                                 bank29       00000
__Lbank3                                  bank3        00000
__Lbank30                                 bank30       00000
__Lbank31                                 bank31       00000
__Lbank4                                  bank4        00000
__Lbank5                                  bank5        00000
__Lbank6                                  bank6        00000
__Lbank7                                  bank7        00000
__Lbank8                                  bank8        00000
__Lbank9                                  bank9        00000
__Lbigram                                 bigram       00000
__LbssBANK0                               bssBANK0     00000
__Lcinit                                  cinit        007FB
__Lclrtext                                clrtext      00000
__Lcode                                   code         00000
__Lcommon                                 common       00000
__Lconfig                                 config       00000
__LcstackBANK0                            cstackBANK0  00000
__LcstackCOMMON                           cstackCOMMON 00000
__Leeprom_data                            eeprom_data  00000
__Lend_init                               end_init     00001
__Lfunctab                                functab      00000
__Lheap                                   heap         00000
__Lidloc                                  idloc        00000
__Linit                                   init         00001
__Lintentry                               intentry     00001
__Lmaintext                               maintext     00000
__LnvBANK0                                nvBANK0      00000
__Lpowerup                                powerup      00000
__Lram                                    ram          00000
__Lreset_vec                              reset_vec    00000
__Lsfr0                                   sfr0         00000
__Lsfr1                                   sfr1         00000
__Lsfr10                                  sfr10        00000
__Lsfr11                                  sfr11        00000
__Lsfr12                                  sfr12        00000
__Lsfr13                                  sfr13        00000
__Lsfr14                                  sfr14        00000
__Lsfr15                                  sfr15        00000
__Lsfr16                                  sfr16        00000
__Lsfr17                                  sfr17        00000
__Lsfr18                                  sfr18        00000
__Lsfr19                                  sfr19        00000
__Lsfr2                                   sfr2         00000
__Lsfr20                                  sfr20        00000
__Lsfr21                                  sfr21        00000
__Lsfr22                                  sfr22        00000
__Lsfr23                                  sfr23        00000
__Lsfr24                                  sfr24        00000
__Lsfr25                                  sfr25        00000
__Lsfr26                                  sfr26        00000
__Lsfr27                                  sfr27        00000
__Lsfr28                                  sfr28        00000
__Lsfr29                                  sfr29        00000
__Lsfr3                                   sfr3         00000
__Lsfr30                                  sfr30        00000
__Lsfr31                                  sfr31        00000
__Lsfr4                                   sfr4         00000
__Lsfr5                                   sfr5         00000
__Lsfr6                                   sfr6         00000
__Lsfr7                                   sfr7         00000
__Lsfr8                                   sfr8         00000
__Lsfr9                                   sfr9         00000
__Lspace_0                                (abs)        00000
__Lspace_1                                (abs)        00000
__Lspace_2                                (abs)        00000
__Lspace_3                                (abs)        00000
__Lspace_4                                (abs)        00000
__Lstack                                  stack        00000
__Lstrings                                strings      00000
__Ltext                                   text         00000
__S0                                      (abs)        00800
__S1                                      (abs)        0007E
__S3                                      (abs)        00000
__Umul8_16                                text6        0015A
__Umul8_16@multiplicand                   cstackCOMMON 00070
__Umul8_16@multiplier                     cstackCOMMON 00078
__Umul8_16@product                        cstackCOMMON 00074
__Umul8_16@word_mpld                      cstackCOMMON 00076
___fladd                                  text7        0036C
___fladd@a                                cstackBANK0  0003E
___fladd@aexp                             cstackBANK0  0004B
___fladd@b                                cstackBANK0  0003A
___fladd@bexp                             cstackBANK0  0004C
___fladd@grs                              cstackBANK0  0004D
___fladd@signs                            cstackBANK0  0004A
___flmul                                  text5        005A4
___flmul@a                                cstackBANK0  00024
___flmul@aexp                             cstackBANK0  00032
___flmul@b                                cstackBANK0  00020
___flmul@bexp                             cstackBANK0  00033
___flmul@grs                              cstackBANK0  0002E
___flmul@prod                             cstackBANK0  00034
___flmul@sign                             cstackBANK0  0002D
___flmul@temp                             cstackBANK0  00038
___fltol                                  text4        0024B
___fltol@exp1                             cstackBANK0  00058
___fltol@f1                               cstackBANK0  0004E
___fltol@sign1                            cstackBANK0  00057
___heap_hi                                (abs)        00000
___heap_lo                                (abs)        00000
___int_sp                                 stack        00000
___latbits                                (abs)        00000
___lwdiv                                  text15       0017D
___lwdiv@counter                          cstackCOMMON 0007B
___lwdiv@dividend                         cstackCOMMON 00076
___lwdiv@divisor                          cstackCOMMON 00074
___lwdiv@quotient                         cstackCOMMON 00079
___sp                                     stack        00000
___stackhi                                (abs)        00000
___stacklo                                (abs)        00000
___xxtofl                                 text3        002C0
___xxtofl@arg                             cstackCOMMON 0007A
___xxtofl@exp                             cstackCOMMON 00079
___xxtofl@sign                            cstackCOMMON 00078
___xxtofl@val                             cstackCOMMON 00070
__end_of_ADC_GetConversion                text16       00121
__end_of_ADC_Initialize                   text13       000DF
__end_of_Configure_Device_Id              text14       0024B
__end_of_OSCILLATOR_Initialize            text12       000E8
__end_of_PIN_MANAGER_Initialize           text11       0015A
__end_of_PMD_Initialize                   text10       000D6
__end_of_SYSTEM_Initialize                text8        000F8
__end_of_WDT_Initialize                   text9        000CE
__end_of__Umul8_16                        text6        0017D
__end_of___fladd                          text7        005A4
__end_of___flmul                          text5        007FB
__end_of___fltol                          text4        002C0
__end_of___lwdiv                          text15       001B9
__end_of___xxtofl                         text3        0036C
__end_of__initialization                  cinit        007FE
__end_of_calculateTemperatureFromVolatage text2        001FB
__end_of_main                             maintext     0013C
__end_of_readTemperatureFromSensor        text1        00109
__initialization                          cinit        007FB
__pbssBANK0                               bssBANK0     0005F
__pcstackBANK0                            cstackBANK0  00020
__pcstackCOMMON                           cstackCOMMON 00070
__pmaintext                               maintext     00121
__pnvBANK0                                nvBANK0      00061
__ptext1                                  text1        000F8
__ptext10                                 text10       000CE
__ptext11                                 text11       0013C
__ptext12                                 text12       000DF
__ptext13                                 text13       000D6
__ptext14                                 text14       001FB
__ptext15                                 text15       0017D
__ptext16                                 text16       00109
__ptext2                                  text2        001B9
__ptext3                                  text3        002C0
__ptext4                                  text4        0024B
__ptext5                                  text5        005A4
__ptext6                                  text6        0015A
__ptext7                                  text7        0036C
__ptext8                                  text8        000E8
__ptext9                                  text9        000CA
_calculateTemperatureFromVolatage         text2        001B9
_device_ID                                nvBANK0      00061
_main                                     maintext     00121
_readTemperatureFromSensor                text1        000F8
btemp                                     (abs)        0007E
calculateTemperatureFromVolatage@vol      cstackBANK0  00059
end_of_initialization                     cinit        007FE
intlevel0                                 functab      00000
intlevel1                                 functab      00000
intlevel2                                 functab      00000
intlevel3                                 functab      00000
intlevel4                                 functab      00000
intlevel5                                 functab      00000
readTemperatureFromSensor@voltage         cstackBANK0  0005B
reset_vec                                 reset_vec    00000
start                                     init         00001
start_initialization                      cinit        007FB
wtemp0                                    (abs)        0007E


MODULE INFORMATION

Module		Function		Class		Link	Load	Size
D:\Softwares\Microchip\xc8\v2.36\pic\sources\c99\common\sprcmul.c
		___flmul       		CODE           	05A4	0000	599

D:\Softwares\Microchip\xc8\v2.36\pic\sources\c99\common\sprcmul.c estimated size: 599

D:\Softwares\Microchip\xc8\v2.36\pic\sources\c99\common\xxtofl.c
		___xxtofl      		CODE           	02C0	0000	172

D:\Softwares\Microchip\xc8\v2.36\pic\sources\c99\common\xxtofl.c estimated size: 172

mcc_generated_files/pin_manager.c
		_PIN_MANAGER_Initialize		CODE           	013C	0000	30

mcc_generated_files/pin_manager.c estimated size: 30

D:\Softwares\Microchip\xc8\v2.36\pic\sources\c99\common\lwdiv.c
		___lwdiv       		CODE           	017D	0000	60

D:\Softwares\Microchip\xc8\v2.36\pic\sources\c99\common\lwdiv.c estimated size: 60

D:\Softwares\Microchip\xc8\v2.36\pic\sources\c99\common\fltol.c
		___fltol       		CODE           	024B	0000	117

D:\Softwares\Microchip\xc8\v2.36\pic\sources\c99\common\fltol.c estimated size: 117

D:\Softwares\Microchip\xc8\v2.36\pic\sources\c99\common\sprcadd.c
		___fladd       		CODE           	036C	0000	568

D:\Softwares\Microchip\xc8\v2.36\pic\sources\c99\common\sprcadd.c estimated size: 568

mcc_generated_files/adc.c
		_ADC_Initialize		CODE           	00D6	0000	9
		_ADC_GetConversion		CODE           	0109	0000	24

mcc_generated_files/adc.c estimated size: 33

shared
		__initialization		CODE           	07FB	0000	3

shared estimated size: 3

mcc_generated_files/mcc.c
		_WDT_Initialize		CODE           	00CA	0000	4
		_PMD_Initialize		CODE           	00CE	0000	8
		_OSCILLATOR_Initialize		CODE           	00DF	0000	9
		_SYSTEM_Initialize		CODE           	00E8	0000	16

mcc_generated_files/mcc.c estimated size: 37

D:\Softwares\Microchip\xc8\v2.36\pic\sources\c99\common\Umul8_16.c
		__Umul8_16     		CODE           	015A	0000	35

D:\Softwares\Microchip\xc8\v2.36\pic\sources\c99\common\Umul8_16.c estimated size: 35

main.c
		_readTemperatureFromSensor		CODE           	00F8	0000	17
		_main          		CODE           	0121	0000	27
		_calculateTemperatureFromVolatage		CODE           	01B9	0000	66
		_Configure_Device_Id		CODE           	01FB	0000	80

main.c estimated size: 190

